------------------------------------------------------------
Timing Analyzer Summary
------------------------------------------------------------

Type  : Slow 1100mV 85C Model Setup 'clk'
Slack : -4.274
TNS   : -56.660

Type  : Slow 1100mV 85C Model Hold 'clk'
Slack : 0.517
TNS   : 0.000

Type  : Slow 1100mV 85C Model Minimum Pulse Width 'clk'
Slack : -0.724
TNS   : -78.693

Type  : Slow 1100mV 0C Model Setup 'clk'
Slack : -4.538
TNS   : -59.938

Type  : Slow 1100mV 0C Model Hold 'clk'
Slack : 0.534
TNS   : 0.000

Type  : Slow 1100mV 0C Model Minimum Pulse Width 'clk'
Slack : -0.724
TNS   : -78.858

Type  : Fast 1100mV 85C Model Setup 'clk'
Slack : -1.078
TNS   : -12.733

Type  : Fast 1100mV 85C Model Hold 'clk'
Slack : 0.209
TNS   : 0.000

Type  : Fast 1100mV 85C Model Minimum Pulse Width 'clk'
Slack : -0.087
TNS   : -6.026

Type  : Fast 1100mV 0C Model Setup 'clk'
Slack : -0.970
TNS   : -10.973

Type  : Fast 1100mV 0C Model Hold 'clk'
Slack : 0.198
TNS   : 0.000

Type  : Fast 1100mV 0C Model Minimum Pulse Width 'clk'
Slack : -0.088
TNS   : -6.101

------------------------------------------------------------
